---
source: proxy/src/lib.rs
expression: result
---
{
  "created": 1,
  "model": null,
  "system_fingerprint": null,
  "choices": [
    {
      "index": 0,
      "message": {
        "role": "assistant",
        "content": "hello"
      },
      "finish_reason": "stop"
    }
  ],
  "usage": {
    "prompt_tokens": 1,
    "completion_tokens": 1,
    "total_tokens": 2
  },
  "meta": {
    "id": "00000000-0000-0000-0000-000000000000",
    "provider": "test",
    "response_meta": null,
    "was_rate_limited": false
  }
}
